// Jest Snapshot v1, https://goo.gl/fbAQLP

exports[`Counter component Must match with the snapshot 1`] = `
<h2>Counter</h2>
<p>1 <sup>2</sup> = 1</p>
<hr>
<div><button>+1</button><button>-1</button></div>
`;
